// Jest Snapshot v1, https://goo.gl/fbAQLP

exports[`GitHubCard matches snapshot 1`] = `
<DocumentFragment>
  <div
    class="card"
    style="width: 18rem;"
  >
    <img
      alt="Daijon Bourne"
      class="card-img"
      src="https://drive.google.com/file/d/1EJcjU18hsZ7vK1pmL5baKV8vET_MEU6w/view?usp=sharing"
      varient="top"
    />
    <div
      class="card-body"
    >
      <div
        class="card-title h5"
      >
        daibourne
      </div>
      <p
        class="card-text"
      >
        The defination of beatuiful
      </p>
    </div>
  </div>
</DocumentFragment>
`;
